I'm sorry, but errors were detected in your script. Please correct the
errors listed below, and try again.


File "game/script.rpy", line 1219: Line is followed by a block, despite not being a menu choice. Did you forget a colon at the end of the line?
    "Raconter l'embuscade"
                          ^

File "game/script.rpy", line 1262: Say menuitems and captions may not exist in the same menu.
    h "J'espère que tout ce que tu me dis est vrai"
                                                   ^

Ren'Py Version: Ren'Py 6.99.10.1227
